Archive member included to satisfy reference by file (symbol)

lib/Debug/libsystem_config.a(init.o)
                              (Entry)
lib/Debug/libsystem_config.a(startup.o)
                              lib/Debug/libsystem_config.a(init.o) (start_boot)
lib/Debug/libsystem_config.a(cp15.o)
                              lib/Debug/libsystem_config.a(startup.o) (CP15VectorBaseAddrSet)
lib/Debug/libsystem_config.a(exceptionhandler.o)
                              lib/Debug/libsystem_config.a(startup.o) (IRQHandler)
lib/Debug/libsystem_config.a(interrupt.o)
                              lib/Debug/libsystem_config.a(exceptionhandler.o) (fnRAMVectors)
lib/Debug/libsystem_config.a(cpu.o)
                              lib/Debug/libsystem_config.a(exceptionhandler.o) (CPUAbortHandler)
/usr/lib/gcc/arm-none-eabi/4.9.3//libgcc.a(_udivsi3.o)
                              (__aeabi_uidiv)
/usr/lib/gcc/arm-none-eabi/4.9.3//libgcc.a(_divsi3.o)
                              (__aeabi_idiv)
/usr/lib/gcc/arm-none-eabi/4.9.3//libgcc.a(_dvmd_tls.o)
                              /usr/lib/gcc/arm-none-eabi/4.9.3//libgcc.a(_udivsi3.o) (__aeabi_idiv0)

Allocating common symbols
Common symbol       size              file

fnRAMVectors        0x200             lib/Debug/libsystem_config.a(interrupt.o)

Discarded input sections

 .text          0x0000000000000000        0x0 Debug/gpioLED.o
 .data          0x0000000000000000        0x0 Debug/gpioLED.o
 .bss           0x0000000000000000        0x0 Debug/gpioLED.o
 .text          0x0000000000000000        0x0 Debug/gpioLEDBlink.o
 .data          0x0000000000000000        0x0 Debug/gpioLEDBlink.o
 .bss           0x0000000000000000        0x0 Debug/gpioLEDBlink.o
 .data          0x0000000000000000        0x0 lib/Debug/libsystem_config.a(init.o)
 .bss           0x0000000000000000        0x0 lib/Debug/libsystem_config.a(init.o)
 .text          0x0000000000000000        0x0 lib/Debug/libsystem_config.a(startup.o)
 .data          0x0000000000000000        0x0 lib/Debug/libsystem_config.a(startup.o)
 .bss           0x0000000000000000        0x0 lib/Debug/libsystem_config.a(startup.o)
 .rodata.AM335X_VECTOR_BASE
                0x0000000000000000        0x4 lib/Debug/libsystem_config.a(startup.o)
 .data          0x0000000000000000        0x0 lib/Debug/libsystem_config.a(cp15.o)
 .bss           0x0000000000000000        0x0 lib/Debug/libsystem_config.a(cp15.o)
 .data          0x0000000000000000        0x0 lib/Debug/libsystem_config.a(exceptionhandler.o)
 .bss           0x0000000000000000        0x0 lib/Debug/libsystem_config.a(exceptionhandler.o)
 .text          0x0000000000000000        0x0 lib/Debug/libsystem_config.a(interrupt.o)
 .data          0x0000000000000000        0x0 lib/Debug/libsystem_config.a(interrupt.o)
 .bss           0x0000000000000000        0x0 lib/Debug/libsystem_config.a(interrupt.o)
 .text.IntDefaultHandler
                0x0000000000000000       0x18 lib/Debug/libsystem_config.a(interrupt.o)
 .text.IntRegister
                0x0000000000000000       0x38 lib/Debug/libsystem_config.a(interrupt.o)
 .text.IntUnRegister
                0x0000000000000000       0x38 lib/Debug/libsystem_config.a(interrupt.o)
 .text.IntAINTCInit
                0x0000000000000000       0x94 lib/Debug/libsystem_config.a(interrupt.o)
 .text.IntPrioritySet
                0x0000000000000000       0x58 lib/Debug/libsystem_config.a(interrupt.o)
 .text.IntSystemEnable
                0x0000000000000000       0x54 lib/Debug/libsystem_config.a(interrupt.o)
 .text.IntSystemDisable
                0x0000000000000000       0x54 lib/Debug/libsystem_config.a(interrupt.o)
 .text.IntIfClkFreeRunSet
                0x0000000000000000       0x34 lib/Debug/libsystem_config.a(interrupt.o)
 .text.IntIfClkAutoGateSet
                0x0000000000000000       0x34 lib/Debug/libsystem_config.a(interrupt.o)
 .text.IntActiveIrqNumGet
                0x0000000000000000       0x28 lib/Debug/libsystem_config.a(interrupt.o)
 .text.IntSpurIrqFlagGet
                0x0000000000000000       0x2c lib/Debug/libsystem_config.a(interrupt.o)
 .text.IntProtectionEnable
                0x0000000000000000       0x28 lib/Debug/libsystem_config.a(interrupt.o)
 .text.IntProtectionDisable
                0x0000000000000000       0x34 lib/Debug/libsystem_config.a(interrupt.o)
 .text.IntSyncClkFreeRunSet
                0x0000000000000000       0x34 lib/Debug/libsystem_config.a(interrupt.o)
 .text.IntSyncClkAutoGateSet
                0x0000000000000000       0x34 lib/Debug/libsystem_config.a(interrupt.o)
 .text.IntFuncClkFreeRunSet
                0x0000000000000000       0x34 lib/Debug/libsystem_config.a(interrupt.o)
 .text.IntFuncClkAutoGateSet
                0x0000000000000000       0x34 lib/Debug/libsystem_config.a(interrupt.o)
 .text.IntCurrIrqPriorityGet
                0x0000000000000000       0x28 lib/Debug/libsystem_config.a(interrupt.o)
 .text.IntPriorityThresholdGet
                0x0000000000000000       0x28 lib/Debug/libsystem_config.a(interrupt.o)
 .text.IntPriorityThresholdSet
                0x0000000000000000       0x34 lib/Debug/libsystem_config.a(interrupt.o)
 .text.IntRawStatusGet
                0x0000000000000000       0x5c lib/Debug/libsystem_config.a(interrupt.o)
 .text.IntSoftwareIntSet
                0x0000000000000000       0x50 lib/Debug/libsystem_config.a(interrupt.o)
 .text.IntSoftwareIntClear
                0x0000000000000000       0x50 lib/Debug/libsystem_config.a(interrupt.o)
 .text.IntPendingIrqMaskedStatusGet
                0x0000000000000000       0x58 lib/Debug/libsystem_config.a(interrupt.o)
 .text.IntMasterIRQEnable
                0x0000000000000000       0x1c lib/Debug/libsystem_config.a(interrupt.o)
 .text.IntMasterIRQDisable
                0x0000000000000000       0x1c lib/Debug/libsystem_config.a(interrupt.o)
 .text.IntMasterFIQEnable
                0x0000000000000000       0x1c lib/Debug/libsystem_config.a(interrupt.o)
 .text.IntMasterFIQDisable
                0x0000000000000000       0x1c lib/Debug/libsystem_config.a(interrupt.o)
 .text.IntMasterStatusGet
                0x0000000000000000       0x20 lib/Debug/libsystem_config.a(interrupt.o)
 .text.IntDisable
                0x0000000000000000       0x3c lib/Debug/libsystem_config.a(interrupt.o)
 .text.IntEnable
                0x0000000000000000       0x38 lib/Debug/libsystem_config.a(interrupt.o)
 .text          0x0000000000000000        0x0 lib/Debug/libsystem_config.a(cpu.o)
 .data          0x0000000000000000        0x0 lib/Debug/libsystem_config.a(cpu.o)
 .bss           0x0000000000000000        0x0 lib/Debug/libsystem_config.a(cpu.o)
 .text.CPUSwitchToPrivilegedMode
                0x0000000000000000       0x1c lib/Debug/libsystem_config.a(cpu.o)
 .text.CPUSwitchToUserMode
                0x0000000000000000       0x28 lib/Debug/libsystem_config.a(cpu.o)
 .text.CPUAbortHandler
                0x0000000000000000       0x18 lib/Debug/libsystem_config.a(cpu.o)
 .text.CPUIntStatus
                0x0000000000000000       0x2c lib/Debug/libsystem_config.a(cpu.o)
 .text.CPUirqd  0x0000000000000000       0x28 lib/Debug/libsystem_config.a(cpu.o)
 .text.CPUirqe  0x0000000000000000       0x28 lib/Debug/libsystem_config.a(cpu.o)
 .text.CPUfiqd  0x0000000000000000       0x28 lib/Debug/libsystem_config.a(cpu.o)
 .text.CPUfiqe  0x0000000000000000       0x28 lib/Debug/libsystem_config.a(cpu.o)
 .debug_info    0x0000000000000000       0xcc lib/Debug/libsystem_config.a(cpu.o)
 .debug_abbrev  0x0000000000000000       0x62 lib/Debug/libsystem_config.a(cpu.o)
 .debug_aranges
                0x0000000000000000       0x58 lib/Debug/libsystem_config.a(cpu.o)
 .debug_ranges  0x0000000000000000       0x48 lib/Debug/libsystem_config.a(cpu.o)
 .debug_line    0x0000000000000000       0xd8 lib/Debug/libsystem_config.a(cpu.o)
 .debug_str     0x0000000000000000      0x1ce lib/Debug/libsystem_config.a(cpu.o)
 .comment       0x0000000000000000       0x6f lib/Debug/libsystem_config.a(cpu.o)
 .debug_frame   0x0000000000000000      0x110 lib/Debug/libsystem_config.a(cpu.o)
 .ARM.attributes
                0x0000000000000000       0x3b lib/Debug/libsystem_config.a(cpu.o)
 .data          0x0000000000000000        0x0 /usr/lib/gcc/arm-none-eabi/4.9.3//libgcc.a(_udivsi3.o)
 .bss           0x0000000000000000        0x0 /usr/lib/gcc/arm-none-eabi/4.9.3//libgcc.a(_udivsi3.o)
 .data          0x0000000000000000        0x0 /usr/lib/gcc/arm-none-eabi/4.9.3//libgcc.a(_divsi3.o)
 .bss           0x0000000000000000        0x0 /usr/lib/gcc/arm-none-eabi/4.9.3//libgcc.a(_divsi3.o)
 .data          0x0000000000000000        0x0 /usr/lib/gcc/arm-none-eabi/4.9.3//libgcc.a(_dvmd_tls.o)
 .bss           0x0000000000000000        0x0 /usr/lib/gcc/arm-none-eabi/4.9.3//libgcc.a(_dvmd_tls.o)

Memory Configuration

Name             Origin             Length             Attributes
DDR0             0x0000000080000000 0x0000000010000000
*default*        0x0000000000000000 0xffffffffffffffff

Linker script and memory map

LOAD Debug/gpioLED.o
LOAD Debug/gpioLEDBlink.o
LOAD lib/Debug/libsystem_config.a
LOAD /usr/lib/arm-none-eabi/lib/libc.a
LOAD /usr/lib/gcc/arm-none-eabi/4.9.3//libgcc.a
LOAD lib/Debug/libsystem_config.a

.startcode      0x0000000080000000       0xb4
                0x0000000080000000                . = ALIGN (0x4)
 *init.o(.text)
 .text          0x0000000080000000       0xb4 lib/Debug/libsystem_config.a(init.o)
                0x0000000080000000                Entry

.text           0x00000000800000b4      0xf04
                0x00000000800000b4                . = ALIGN (0x4)
 *(.text*)
 .text.GPIO1_ModuleClkConfig
                0x00000000800000b4       0x4c Debug/gpioLED.o
 .text.GPIOPinMuxSetup
                0x0000000080000100       0xb0 Debug/gpioLED.o
 .text.GPIOModuleEnable
                0x00000000800001b0       0x3c Debug/gpioLED.o
 .text.GPIOModuleReset
                0x00000000800001ec       0x3c Debug/gpioLED.o
 .text.GPIODirModeSet
                0x0000000080000228       0x90 Debug/gpioLED.o
 .text.GPIOPinWrite
                0x00000000800002b8       0x6c Debug/gpioLED.o
 .text.ledInit  0x0000000080000324      0x244 Debug/gpioLED.o
                0x0000000080000324                ledInit
 .text.ledToggle
                0x0000000080000568       0x70 Debug/gpioLED.o
                0x0000000080000568                ledToggle
 .text.main     0x00000000800005d8       0x84 Debug/gpioLEDBlink.o
                0x00000000800005d8                main
 .text.Delay    0x000000008000065c       0x38 Debug/gpioLEDBlink.o
 .text.valuepin
                0x0000000080000694       0x5c Debug/gpioLEDBlink.o
                0x0000000080000694                valuepin
 .text.start_boot
                0x00000000800006f0       0x24 lib/Debug/libsystem_config.a(startup.o)
                0x00000000800006f0                start_boot
 .text.CopyVectorTable
                0x0000000080000714       0x94 lib/Debug/libsystem_config.a(startup.o)
 .text          0x00000000800007a8      0x488 lib/Debug/libsystem_config.a(cp15.o)
                0x00000000800007a8                CP15ICacheDisable
                0x00000000800007c4                CP15DCacheDisable
                0x00000000800007e0                CP15ICacheEnable
                0x00000000800007f0                CP15DCacheEnable
                0x0000000080000800                CP15DCacheFlush
                0x0000000080000894                CP15DCacheClean
                0x0000000080000928                CP15DCacheCleanFlush
                0x00000000800009bc                CP15ICacheFlush
                0x00000000800009cc                CP15DCacheCleanBuff
                0x0000000080000a20                CP15DCacheCleanFlushBuff
                0x0000000080000a74                CP15DCacheFlushBuff
                0x0000000080000ad8                CP15ICacheFlushBuff
                0x0000000080000b2c                CP15Ttb0Set
                0x0000000080000b38                CP15TlbInvalidate
                0x0000000080000b44                CP15MMUDisable
                0x0000000080000b5c                CP15MMUEnable
                0x0000000080000b70                CP15VectorBaseAddrSet
                0x0000000080000b7c                CP15BranchPredictorInvalidate
                0x0000000080000b88                CP15BranchPredictionEnable
                0x0000000080000b98                CP15BranchPredictionDisable
                0x0000000080000ba8                CP15DomainAccessClientSet
                0x0000000080000bb8                CP15ControlFeatureDisable
                0x0000000080000bcc                CP15ControlFeatureEnable
                0x0000000080000be0                CP15TtbCtlTtb0Config
                0x0000000080000bf0                CP15AuxControlFeatureEnable
                0x0000000080000c04                CP15AuxControlFeatureDisable
                0x0000000080000c18                CP15MainIdPrimPartNumGet
 .text          0x0000000080000c30       0xf0 lib/Debug/libsystem_config.a(exceptionhandler.o)
                0x0000000080000c30                SVC_Handler
                0x0000000080000c58                IRQHandler
                0x0000000080000d04                FIQHandler
                0x0000000080000d08                UndefInstHandler
                0x0000000080000d08                AbortHandler
 .text          0x0000000080000d20      0x114 /usr/lib/gcc/arm-none-eabi/4.9.3//libgcc.a(_udivsi3.o)
                0x0000000080000d20                __udivsi3
                0x0000000080000d20                __aeabi_uidiv
                0x0000000080000e14                __aeabi_uidivmod
 .text          0x0000000080000e34      0x148 /usr/lib/gcc/arm-none-eabi/4.9.3//libgcc.a(_divsi3.o)
                0x0000000080000e34                __aeabi_idiv
                0x0000000080000e34                __divsi3
                0x0000000080000f5c                __aeabi_idivmod
 .text          0x0000000080000f7c        0x4 /usr/lib/gcc/arm-none-eabi/4.9.3//libgcc.a(_dvmd_tls.o)
                0x0000000080000f7c                __aeabi_ldiv0
                0x0000000080000f7c                __aeabi_idiv0
 *(.rodata*)
 .rodata.vecTbl
                0x0000000080000f80       0x38 lib/Debug/libsystem_config.a(startup.o)

.glue_7         0x0000000080000fb8        0x0
 .glue_7        0x0000000080000fb8        0x0 linker stubs

.glue_7t        0x0000000080000fb8        0x0
 .glue_7t       0x0000000080000fb8        0x0 linker stubs

.vfp11_veneer   0x0000000080000fb8        0x0
 .vfp11_veneer  0x0000000080000fb8        0x0 linker stubs

.v4_bx          0x0000000080000fb8        0x0
 .v4_bx         0x0000000080000fb8        0x0 linker stubs

.iplt           0x0000000080000fb8        0x0
 .iplt          0x0000000080000fb8        0x0 Debug/gpioLED.o

.rel.dyn        0x0000000080000fb8        0x0
 .rel.iplt      0x0000000080000fb8        0x0 Debug/gpioLED.o

.data           0x0000000080000fb8        0x0
                0x0000000080000fb8                . = ALIGN (0x4)
 *(.data*)

.igot.plt       0x0000000080000fb8        0x0
 .igot.plt      0x0000000080000fb8        0x0 Debug/gpioLED.o

.bss            0x0000000080000fb8      0x204
                0x0000000080000fb8                . = ALIGN (0x4)
                0x0000000080000fb8                _bss_start = .
 *(.bss*)
 .bss.flagToggle
                0x0000000080000fb8        0x4 Debug/gpioLED.o
                0x0000000080000fb8                flagToggle
 *(COMMON)
 COMMON         0x0000000080000fbc      0x200 lib/Debug/libsystem_config.a(interrupt.o)
                0x0000000080000fbc                fnRAMVectors
                0x00000000800011bc                _bss_end = .

.heap           0x00000000800011bc      0x800
                0x00000000800011bc                . = ALIGN (0x4)
                0x00000000800011bc                __end__ = .
                0x00000000800011bc                end = __end__
                0x00000000800011bc                __HeapBase = __end__
 *(.heap*)
                0x00000000800019bc                . = (. + 0x800)
 *fill*         0x00000000800011bc      0x800 
                0x00000000800019bc                __HeapLimit = .

.stack          0x00000000800019bc  0x7fffff8
                0x00000000800019bc                . = ALIGN (0x4)
                0x00000000800019bc                __StackLimit = .
 *(.stack*)
                0x00000000880019b4                . = (. + 0x7fffff8)
 *fill*         0x00000000800019bc  0x7fffff8 
                0x00000000880019b4                __StackTop = .
                0x00000000880019b4                _stack = __StackTop
OUTPUT(Debug/gpioLedBlink.out elf32-littlearm)

.debug_info     0x0000000000000000      0xb4a
 .debug_info    0x0000000000000000      0x1c4 Debug/gpioLED.o
 .debug_info    0x00000000000001c4       0xeb Debug/gpioLEDBlink.o
 .debug_info    0x00000000000002af       0x9f lib/Debug/libsystem_config.a(init.o)
 .debug_info    0x000000000000034e       0xd2 lib/Debug/libsystem_config.a(startup.o)
 .debug_info    0x0000000000000420       0x9f lib/Debug/libsystem_config.a(cp15.o)
 .debug_info    0x00000000000004bf       0xb2 lib/Debug/libsystem_config.a(exceptionhandler.o)
 .debug_info    0x0000000000000571      0x3cf lib/Debug/libsystem_config.a(interrupt.o)
 .debug_info    0x0000000000000940       0xae /usr/lib/gcc/arm-none-eabi/4.9.3//libgcc.a(_udivsi3.o)
 .debug_info    0x00000000000009ee       0xae /usr/lib/gcc/arm-none-eabi/4.9.3//libgcc.a(_divsi3.o)
 .debug_info    0x0000000000000a9c       0xae /usr/lib/gcc/arm-none-eabi/4.9.3//libgcc.a(_dvmd_tls.o)

.debug_abbrev   0x0000000000000000      0x46a
 .debug_abbrev  0x0000000000000000       0xcc Debug/gpioLED.o
 .debug_abbrev  0x00000000000000cc       0xc4 Debug/gpioLEDBlink.o
 .debug_abbrev  0x0000000000000190       0x14 lib/Debug/libsystem_config.a(init.o)
 .debug_abbrev  0x00000000000001a4       0xa2 lib/Debug/libsystem_config.a(startup.o)
 .debug_abbrev  0x0000000000000246       0x14 lib/Debug/libsystem_config.a(cp15.o)
 .debug_abbrev  0x000000000000025a       0x14 lib/Debug/libsystem_config.a(exceptionhandler.o)
 .debug_abbrev  0x000000000000026e      0x1c0 lib/Debug/libsystem_config.a(interrupt.o)
 .debug_abbrev  0x000000000000042e       0x14 /usr/lib/gcc/arm-none-eabi/4.9.3//libgcc.a(_udivsi3.o)
 .debug_abbrev  0x0000000000000442       0x14 /usr/lib/gcc/arm-none-eabi/4.9.3//libgcc.a(_divsi3.o)
 .debug_abbrev  0x0000000000000456       0x14 /usr/lib/gcc/arm-none-eabi/4.9.3//libgcc.a(_dvmd_tls.o)

.debug_aranges  0x0000000000000000      0x280
 .debug_aranges
                0x0000000000000000       0x58 Debug/gpioLED.o
 .debug_aranges
                0x0000000000000058       0x30 Debug/gpioLEDBlink.o
 .debug_aranges
                0x0000000000000088       0x20 lib/Debug/libsystem_config.a(init.o)
 .debug_aranges
                0x00000000000000a8       0x28 lib/Debug/libsystem_config.a(startup.o)
 .debug_aranges
                0x00000000000000d0       0x20 lib/Debug/libsystem_config.a(cp15.o)
 .debug_aranges
                0x00000000000000f0       0x20 lib/Debug/libsystem_config.a(exceptionhandler.o)
 .debug_aranges
                0x0000000000000110      0x110 lib/Debug/libsystem_config.a(interrupt.o)
 .debug_aranges
                0x0000000000000220       0x20 /usr/lib/gcc/arm-none-eabi/4.9.3//libgcc.a(_udivsi3.o)
 .debug_aranges
                0x0000000000000240       0x20 /usr/lib/gcc/arm-none-eabi/4.9.3//libgcc.a(_divsi3.o)
 .debug_aranges
                0x0000000000000260       0x20 /usr/lib/gcc/arm-none-eabi/4.9.3//libgcc.a(_dvmd_tls.o)

.debug_ranges   0x0000000000000000      0x180
 .debug_ranges  0x0000000000000000       0x48 Debug/gpioLED.o
 .debug_ranges  0x0000000000000048       0x20 Debug/gpioLEDBlink.o
 .debug_ranges  0x0000000000000068       0x18 lib/Debug/libsystem_config.a(startup.o)
 .debug_ranges  0x0000000000000080      0x100 lib/Debug/libsystem_config.a(interrupt.o)

.debug_line     0x0000000000000000      0x8e3
 .debug_line    0x0000000000000000      0x108 Debug/gpioLED.o
 .debug_line    0x0000000000000108       0x79 Debug/gpioLEDBlink.o
 .debug_line    0x0000000000000181       0x8d lib/Debug/libsystem_config.a(init.o)
 .debug_line    0x000000000000020e       0x90 lib/Debug/libsystem_config.a(startup.o)
 .debug_line    0x000000000000029e      0x184 lib/Debug/libsystem_config.a(cp15.o)
 .debug_line    0x0000000000000422       0xb3 lib/Debug/libsystem_config.a(exceptionhandler.o)
 .debug_line    0x00000000000004d5      0x2b7 lib/Debug/libsystem_config.a(interrupt.o)
 .debug_line    0x000000000000078c       0x78 /usr/lib/gcc/arm-none-eabi/4.9.3//libgcc.a(_udivsi3.o)
 .debug_line    0x0000000000000804       0x84 /usr/lib/gcc/arm-none-eabi/4.9.3//libgcc.a(_divsi3.o)
 .debug_line    0x0000000000000888       0x5b /usr/lib/gcc/arm-none-eabi/4.9.3//libgcc.a(_dvmd_tls.o)

.debug_str      0x0000000000000000      0x638
 .debug_str     0x0000000000000000      0x1a6 Debug/gpioLED.o
 .debug_str     0x00000000000001a6       0x45 Debug/gpioLEDBlink.o
                                        0x11d (size before relaxing)
 .debug_str     0x00000000000001eb      0x192 lib/Debug/libsystem_config.a(startup.o)
                                        0x1bc (size before relaxing)
 .debug_str     0x000000000000037d      0x2bb lib/Debug/libsystem_config.a(interrupt.o)
                                        0x407 (size before relaxing)

.comment        0x0000000000000000       0xa6
 .comment       0x0000000000000000       0x38 Debug/gpioLED.o
                                         0x39 (size before relaxing)
 .comment       0x0000000000000038       0x39 Debug/gpioLEDBlink.o
 .comment       0x0000000000000038       0x6e lib/Debug/libsystem_config.a(startup.o)
                                         0x6f (size before relaxing)
 .comment       0x00000000000000a6       0x6f lib/Debug/libsystem_config.a(interrupt.o)

.ARM.attributes
                0x0000000000000000       0x39
 .ARM.attributes
                0x0000000000000000       0x37 Debug/gpioLED.o
 .ARM.attributes
                0x0000000000000037       0x37 Debug/gpioLEDBlink.o
 .ARM.attributes
                0x000000000000006e       0x29 lib/Debug/libsystem_config.a(init.o)
 .ARM.attributes
                0x0000000000000097       0x3b lib/Debug/libsystem_config.a(startup.o)
 .ARM.attributes
                0x00000000000000d2       0x29 lib/Debug/libsystem_config.a(cp15.o)
 .ARM.attributes
                0x00000000000000fb       0x29 lib/Debug/libsystem_config.a(exceptionhandler.o)
 .ARM.attributes
                0x0000000000000124       0x3b lib/Debug/libsystem_config.a(interrupt.o)
 .ARM.attributes
                0x000000000000015f       0x18 /usr/lib/gcc/arm-none-eabi/4.9.3//libgcc.a(_udivsi3.o)
 .ARM.attributes
                0x0000000000000177       0x18 /usr/lib/gcc/arm-none-eabi/4.9.3//libgcc.a(_divsi3.o)
 .ARM.attributes
                0x000000000000018f       0x18 /usr/lib/gcc/arm-none-eabi/4.9.3//libgcc.a(_dvmd_tls.o)

.debug_frame    0x0000000000000000      0x5e8
 .debug_frame   0x0000000000000000      0x114 Debug/gpioLED.o
 .debug_frame   0x0000000000000114       0x6c Debug/gpioLEDBlink.o
 .debug_frame   0x0000000000000180       0x4c lib/Debug/libsystem_config.a(startup.o)
 .debug_frame   0x00000000000001cc      0x3dc lib/Debug/libsystem_config.a(interrupt.o)
 .debug_frame   0x00000000000005a8       0x20 /usr/lib/gcc/arm-none-eabi/4.9.3//libgcc.a(_udivsi3.o)
 .debug_frame   0x00000000000005c8       0x20 /usr/lib/gcc/arm-none-eabi/4.9.3//libgcc.a(_divsi3.o)
